perl: warning: Setting locale failed.
perl: warning: Please check that your locale settings:
	LANGUAGE = (unset),
	LC_ALL = (unset),
	LANG = "de_DE.UTF-8"
    are supported and installed on your system.
perl: warning: Falling back to the standard locale ("C").
text/plain
Started analysis of daughter.chr22.2.fq
Approx 5% complete for daughter.chr22.2.fq
Approx 10% complete for daughter.chr22.2.fq
Approx 15% complete for daughter.chr22.2.fq
Approx 20% complete for daughter.chr22.2.fq
Approx 25% complete for daughter.chr22.2.fq
Approx 30% complete for daughter.chr22.2.fq
Approx 35% complete for daughter.chr22.2.fq
Approx 40% complete for daughter.chr22.2.fq
Approx 45% complete for daughter.chr22.2.fq
Approx 50% complete for daughter.chr22.2.fq
Approx 55% complete for daughter.chr22.2.fq
Approx 60% complete for daughter.chr22.2.fq
Approx 65% complete for daughter.chr22.2.fq
Approx 70% complete for daughter.chr22.2.fq
Approx 75% complete for daughter.chr22.2.fq
Approx 80% complete for daughter.chr22.2.fq
Approx 85% complete for daughter.chr22.2.fq
Approx 90% complete for daughter.chr22.2.fq
Approx 95% complete for daughter.chr22.2.fq
Analysis complete for daughter.chr22.2.fq
